


ARM Macro Assembler    Page 1 


    1 00000000                 AREA             RESET,DATA,READONLY
    2 00000000                 EXPORT           __Vectors
    3 00000000         __Vectors
    4 00000000 40001000        DCD              0x40001000
    5 00000004 00000000        DCD              Reset_Handler
    6 00000008                 ALIGN
    7 00000008                 AREA             mycode,CODE,READONLY
    8 00000000                 ENTRY
    9 00000000                 EXPORT           Reset_Handler
   10 00000000         Reset_Handler
   11 00000000 480E            LDR              R0,=SRC
   12 00000002 490F            LDR              R1,=DST
   13 00000004 6803            LDR              R3,[R0]
   14 00000006 600B            STR              R3,[R1]
   15 00000008 F100 0004       ADD              R0,#04
   16 0000000C F101 0104       ADD              R1,#04
   17 00000010 6803            LDR              R3,[R0]
   18 00000012 600B            STR              R3,[R1]
   19 00000014 F100 0004       ADD              R0,#04
   20 00000018 F101 0104       ADD              R1,#04
   21 0000001C 6803            LDR              R3,[R0]
   22 0000001E 600B            STR              R3,[R1]
   23 00000020 F100 0004       ADD              R0,#04
   24 00000024 F101 0104       ADD              R1,#04
   25 00000028 6803            LDR              R3,[R0]
   26 0000002A 600B            STR              R3,[R1]
   27 0000002C F100 0004       ADD              R0,#04
   28 00000030 F101 0104       ADD              R1,#04
   29 00000034 6803            LDR              R3,[R0]
   30 00000036 600B            STR              R3,[R1]
   31 00000038         STOP
   32 00000038 E7FE            B                STOP
   33 0000003A 00 00 00000000 
              00000000         AREA             mydata,DATA,READWRITE
   34 00000000 00000000 
              00000000 
              00000000 
              00000000 
              00000000 SRC     DCD              0,0,0,0,0
   35 00000014 00000000 
              00000000 
              00000000 
              00000000 
              00000000 DST     DCD              0,0,0,0,0
   36 00000028                 END
Command Line: --debug --xref --cpu=Cortex-M3 --apcs=interwork --depend=4.d -o4.
o -IC:\Keil\ARM\RV31\INC -IC:\Keil\ARM\CMSIS\Include -IC:\Keil\ARM\Inc\NXP\LPC1
7xx --predefine="__EVAL SETA 1" --list=4.lst 4.S



ARM Macro Assembler    Page 1 Alphabetic symbol ordering
Relocatable symbols

RESET 00000000

Symbol: RESET
   Definitions
      At line 1 in file 4.S
   Uses
      None
Comment: RESET unused
__Vectors 00000000

Symbol: __Vectors
   Definitions
      At line 3 in file 4.S
   Uses
      At line 2 in file 4.S
Comment: __Vectors used once
2 symbols



ARM Macro Assembler    Page 1 Alphabetic symbol ordering
Relocatable symbols

Reset_Handler 00000000

Symbol: Reset_Handler
   Definitions
      At line 10 in file 4.S
   Uses
      At line 5 in file 4.S
      At line 9 in file 4.S

STOP 00000038

Symbol: STOP
   Definitions
      At line 31 in file 4.S
   Uses
      At line 32 in file 4.S
Comment: STOP used once
mycode 00000000

Symbol: mycode
   Definitions
      At line 7 in file 4.S
   Uses
      None
Comment: mycode unused
3 symbols



ARM Macro Assembler    Page 1 Alphabetic symbol ordering
Relocatable symbols

DST 00000014

Symbol: DST
   Definitions
      At line 35 in file 4.S
   Uses
      At line 12 in file 4.S
Comment: DST used once
SRC 00000000

Symbol: SRC
   Definitions
      At line 34 in file 4.S
   Uses
      At line 11 in file 4.S
Comment: SRC used once
mydata 00000000

Symbol: mydata
   Definitions
      At line 33 in file 4.S
   Uses
      None
Comment: mydata unused
3 symbols
341 symbols in table
