


ARM Macro Assembler    Page 1 


    1 00000000                 AREA             RESET, DATA, READONLY
    2 00000000                 EXPORT           __Vectors
    3 00000000         __Vectors
    4 00000000 10001000        DCD              0x10001000
    5 00000004 00000000        DCD              Reset_Handler
    6 00000008                 ALIGN
    7 00000008         
    8 00000008                 AREA             mycode, CODE, READONLY
    9 00000000                 ENTRY
   10 00000000                 EXPORT           Reset_Handler
   11 00000000         
   12 00000000         Reset_Handler
   13 00000000 480B            LDR              R0,=NUM1
   14 00000002 490C            LDR              R1,=NUM2
   15 00000004 4B0C            LDR              R3,=RES
   16 00000006 6804            LDR              R4,[R0]
   17 00000008 680D            LDR              R5,[R1]
   18 0000000A F000 F802       BL               gcd
   19 0000000E 601C            STR              R4,[R3]
   20 00000010 E7FE    STOP    B                STOP
   21 00000012 F04F 0900 
                       gcd     MOV              R9,#0
   22 00000016 42AC    UP      CMP              R4,R5
   23 00000018 BF08 4770       BXEQ             LR
   24 0000001C BF38 1B2D       SUBLO            R5,R4
   25 00000020 BFC8 1B64       SUBGT            R4,R5
   26 00000024 E7F7            B                UP
   27 00000026 00 00 00000004 
                       NUM1    DCD              4
   28 0000002C 00000008 
                       NUM2    DCD              8
   29 00000030 00000000 
              00000000 
              00000000         AREA             mydata,DATA,READWRITE
   30 00000000 00000000 
                       RES     DCD              0
   31 00000004                 END
Command Line: --debug --xref --cpu=Cortex-M3 --apcs=interwork --depend=31.d -o3
1.o -IC:\Keil\ARM\RV31\INC -IC:\Keil\ARM\CMSIS\Include -IC:\Keil\ARM\Inc\NXP\LP
C17xx --predefine="__EVAL SETA 1" --list=31.lst 31.s



ARM Macro Assembler    Page 1 Alphabetic symbol ordering
Relocatable symbols

RESET 00000000

Symbol: RESET
   Definitions
      At line 1 in file 31.s
   Uses
      None
Comment: RESET unused
__Vectors 00000000

Symbol: __Vectors
   Definitions
      At line 3 in file 31.s
   Uses
      At line 2 in file 31.s
Comment: __Vectors used once
2 symbols



ARM Macro Assembler    Page 1 Alphabetic symbol ordering
Relocatable symbols

NUM1 00000028

Symbol: NUM1
   Definitions
      At line 27 in file 31.s
   Uses
      At line 13 in file 31.s
Comment: NUM1 used once
NUM2 0000002C

Symbol: NUM2
   Definitions
      At line 28 in file 31.s
   Uses
      At line 14 in file 31.s
Comment: NUM2 used once
Reset_Handler 00000000

Symbol: Reset_Handler
   Definitions
      At line 12 in file 31.s
   Uses
      At line 5 in file 31.s
      At line 10 in file 31.s

STOP 00000010

Symbol: STOP
   Definitions
      At line 20 in file 31.s
   Uses
      At line 20 in file 31.s
Comment: STOP used once
UP 00000016

Symbol: UP
   Definitions
      At line 22 in file 31.s
   Uses
      At line 26 in file 31.s
Comment: UP used once
gcd 00000012

Symbol: gcd
   Definitions
      At line 21 in file 31.s
   Uses
      At line 18 in file 31.s
Comment: gcd used once
mycode 00000000

Symbol: mycode
   Definitions
      At line 8 in file 31.s
   Uses
      None
Comment: mycode unused
7 symbols



ARM Macro Assembler    Page 1 Alphabetic symbol ordering
Relocatable symbols

RES 00000000

Symbol: RES
   Definitions
      At line 30 in file 31.s
   Uses
      At line 15 in file 31.s
Comment: RES used once
mydata 00000000

Symbol: mydata
   Definitions
      At line 29 in file 31.s
   Uses
      None
Comment: mydata unused
2 symbols
344 symbols in table
