


ARM Macro Assembler    Page 1 


    1 00000000                 AREA             RESET, DATA, READONLY
    2 00000000                 EXPORT           __Vectors
    3 00000000         __Vectors
    4 00000000 10001000        DCD              0x10001000
    5 00000004 00000000        DCD              Reset_Handler
    6 00000008                 ALIGN
    7 00000008         
    8 00000008                 AREA             mycode, CODE, READONLY
    9 00000000                 ENTRY
   10 00000000                 EXPORT           Reset_Handler
   11 00000000         
   12 00000000         Reset_Handler
   13 00000000         
   14 00000000 4807            LDR              R0,=NUM1
   15 00000002 6800            LDR              R0,[R0]
   16 00000004 4907            LDR              R1,=NUM2
   17 00000006 6809            LDR              R1,[R1]
   18 00000008 4B07            LDR              R3,=RES
   19 0000000A FBA0 4501       UMULL            R4,R5,R0,R1
   20 0000000E F843 4B04       STR              R4,[R3],#4
   21 00000012 601D            STR              R5,[R3]
   22 00000014 E7FE    STOP    B                STOP
   23 00000016 00 00 00123412 
                       NUM1    DCD              0X00123412
   24 0000001C 70000000 
                       NUM2    DCD              0X70000000
   25 00000020 00000000 
              00000000 
              00000000         AREA             mydata,DATA,READWRITE
   26 00000000 00000000 
                       RES     DCD              0
   27 00000004                 END
Command Line: --debug --xref --cpu=Cortex-M3 --apcs=interwork --depend=3_0.d -o
3_0.o -IC:\Keil\ARM\RV31\INC -IC:\Keil\ARM\CMSIS\Include -IC:\Keil\ARM\Inc\NXP\
LPC17xx --predefine="__EVAL SETA 1" --list=3_0.lst 3_0.s



ARM Macro Assembler    Page 1 Alphabetic symbol ordering
Relocatable symbols

RESET 00000000

Symbol: RESET
   Definitions
      At line 1 in file 3_0.s
   Uses
      None
Comment: RESET unused
__Vectors 00000000

Symbol: __Vectors
   Definitions
      At line 3 in file 3_0.s
   Uses
      At line 2 in file 3_0.s
Comment: __Vectors used once
2 symbols



ARM Macro Assembler    Page 1 Alphabetic symbol ordering
Relocatable symbols

NUM1 00000018

Symbol: NUM1
   Definitions
      At line 23 in file 3_0.s
   Uses
      At line 14 in file 3_0.s
Comment: NUM1 used once
NUM2 0000001C

Symbol: NUM2
   Definitions
      At line 24 in file 3_0.s
   Uses
      At line 16 in file 3_0.s
Comment: NUM2 used once
Reset_Handler 00000000

Symbol: Reset_Handler
   Definitions
      At line 12 in file 3_0.s
   Uses
      At line 5 in file 3_0.s
      At line 10 in file 3_0.s

STOP 00000014

Symbol: STOP
   Definitions
      At line 22 in file 3_0.s
   Uses
      At line 22 in file 3_0.s
Comment: STOP used once
mycode 00000000

Symbol: mycode
   Definitions
      At line 8 in file 3_0.s
   Uses
      None
Comment: mycode unused
5 symbols



ARM Macro Assembler    Page 1 Alphabetic symbol ordering
Relocatable symbols

RES 00000000

Symbol: RES
   Definitions
      At line 26 in file 3_0.s
   Uses
      At line 18 in file 3_0.s
Comment: RES used once
mydata 00000000

Symbol: mydata
   Definitions
      At line 25 in file 3_0.s
   Uses
      None
Comment: mydata unused
2 symbols
342 symbols in table
