


ARM Macro Assembler    Page 1 


    1 00000000                 AREA             RESET,DATA,READONLY
    2 00000000                 EXPORT           __Vectors
    3 00000000         __Vectors
    4 00000000 40001000        DCD              0x40001000
    5 00000004 00000000        DCD              Reset_Handler
    6 00000008                 ALIGN
    7 00000008                 AREA             mycode,CODE,READONLY
    8 00000000                 ENTRY
    9 00000000                 EXPORT           Reset_Handler
   10 00000000         Reset_Handler
   11 00000000 4807            LDR              R0,=VALUE1
   12 00000002 6801            LDR              R1,[R0]
   13 00000004 4807            LDR              R0,=VALUE2
   14 00000006 6803            LDR              R3,[R0]
   15 00000008 18CE            ADDS             R6,R1,R3
   16 0000000A F144 0400       ADC              R4,#0
   17 0000000E 4A06            LDR              R2,=RESULT
   18 00000010 F842 6B04       STR              R6,[R2],#4
   19 00000014 6014            STR              R4,[R2]
   20 00000016 E7FE    STOP    B                STOP
   21 00000018 12345678 
                       VALUE1  DCD              0x12345678
   22 0000001C FBCDEFAA 
                       VALUE2  DCD              0xfbcdefaa
   23 00000020 00000000 
              00000000 
              00000000         AREA             mydata,DATA,READWRITE
   24 00000000 00000000 
                       RESULT  DCD              0
   25 00000004                 END
Command Line: --debug --xref --cpu=Cortex-M3 --apcs=interwork --depend=21.d -o2
1.o -IC:\Keil\ARM\RV31\INC -IC:\Keil\ARM\CMSIS\Include -IC:\Keil\ARM\Inc\NXP\LP
C17xx --predefine="__EVAL SETA 1" --list=21.lst 21.s



ARM Macro Assembler    Page 1 Alphabetic symbol ordering
Relocatable symbols

RESET 00000000

Symbol: RESET
   Definitions
      At line 1 in file 21.s
   Uses
      None
Comment: RESET unused
__Vectors 00000000

Symbol: __Vectors
   Definitions
      At line 3 in file 21.s
   Uses
      At line 2 in file 21.s
Comment: __Vectors used once
2 symbols



ARM Macro Assembler    Page 1 Alphabetic symbol ordering
Relocatable symbols

Reset_Handler 00000000

Symbol: Reset_Handler
   Definitions
      At line 10 in file 21.s
   Uses
      At line 5 in file 21.s
      At line 9 in file 21.s

STOP 00000016

Symbol: STOP
   Definitions
      At line 20 in file 21.s
   Uses
      At line 20 in file 21.s
Comment: STOP used once
VALUE1 00000018

Symbol: VALUE1
   Definitions
      At line 21 in file 21.s
   Uses
      At line 11 in file 21.s
Comment: VALUE1 used once
VALUE2 0000001C

Symbol: VALUE2
   Definitions
      At line 22 in file 21.s
   Uses
      At line 13 in file 21.s
Comment: VALUE2 used once
mycode 00000000

Symbol: mycode
   Definitions
      At line 7 in file 21.s
   Uses
      None
Comment: mycode unused
5 symbols



ARM Macro Assembler    Page 1 Alphabetic symbol ordering
Relocatable symbols

RESULT 00000000

Symbol: RESULT
   Definitions
      At line 24 in file 21.s
   Uses
      At line 17 in file 21.s
Comment: RESULT used once
mydata 00000000

Symbol: mydata
   Definitions
      At line 23 in file 21.s
   Uses
      None
Comment: mydata unused
2 symbols
342 symbols in table
